// Jest Snapshot v1, https://goo.gl/fbAQLP

exports[`Button (dom snapshot test) render with children: "button children text" 1`] = `
<div>
  <button
    class="g-button primary medium"
    type="button"
  >
    button children text
  </button>
</div>
`;
